s434655@pc16e:~/Desktop/zadania$ ls
Ćwiczenia01.pdf  Ćwiczenia05.pdf  Ćwiczenia08.pdf  Ćwiczenia10.pdf
Ćwiczenia04.pdf  Ćwiczenia07.pdf  Ćwiczenia09.pdf  Ćwiczenia11.pdf
s434655@pc16e:~/Desktop/zadania$ git init
Initialized empty Git repository in /home/students/s434655/Desktop/zadania/.git/
s434655@pc16e:~/Desktop/zadania$ git status
On branch master

Initial commit

Untracked files:
  (use "git add <file>..." to include in what will be committed)

	"\304\206wiczenia01.pdf"
	"\304\206wiczenia04.pdf"
	"\304\206wiczenia05.pdf"
	"\304\206wiczenia07.pdf"
	"\304\206wiczenia08.pdf"
	"\304\206wiczenia09.pdf"
	"\304\206wiczenia10.pdf"
	"\304\206wiczenia11.pdf"

nothing added to commit but untracked files present (use "git add" to track)
s434655@pc16e:~/Desktop/zadania$ git add all
fatal: pathspec 'all' did not match any files
s434655@pc16e:~/Desktop/zadania$ git add
Nothing specified, nothing added.
Maybe you wanted to say 'git add .'?
s434655@pc16e:~/Desktop/zadania$ git add .
s434655@pc16e:~/Desktop/zadania$ git status
On branch master

Initial commit

Changes to be committed:
  (use "git rm --cached <file>..." to unstage)

	new file:   "\304\206wiczenia01.pdf"
	new file:   "\304\206wiczenia04.pdf"
	new file:   "\304\206wiczenia05.pdf"
	new file:   "\304\206wiczenia07.pdf"
	new file:   "\304\206wiczenia08.pdf"
	new file:   "\304\206wiczenia09.pdf"
	new file:   "\304\206wiczenia10.pdf"
	new file:   "\304\206wiczenia11.pdf"

s434655@pc16e:~/Desktop/zadania$ git commit -m
error: switch `m' requires a value
usage: git commit [<options>] [--] <pathspec>...

    -q, --quiet           suppress summary after successful commit
    -v, --verbose         show diff in commit message template

Commit message options
    -F, --file <file>     read message from file
    --author <author>     override author for commit
    --date <date>         override date for commit
    -m, --message <message>
                          commit message
    -c, --reedit-message <commit>
                          reuse and edit message from specified commit
    -C, --reuse-message <commit>
                          reuse message from specified commit
    --fixup <commit>      use autosquash formatted message to fixup specified commit
    --squash <commit>     use autosquash formatted message to squash specified commit
    --reset-author        the commit is authored by me now (used with -C/-c/--amend)
    -s, --signoff         add Signed-off-by:
    -t, --template <file>
                          use specified template file
    -e, --edit            force edit of commit
    --cleanup <default>   how to strip spaces and #comments from message
    --status              include status in commit message template
    -S, --gpg-sign[=<key-id>]
                          GPG sign commit

Commit contents options
    -a, --all             commit all changed files
    -i, --include         add specified files to index for commit
    --interactive         interactively add files
    -p, --patch           interactively add changes
    -o, --only            commit only specified files
    -n, --no-verify       bypass pre-commit and commit-msg hooks
    --dry-run             show what would be committed
    --short               show status concisely
    --branch              show branch information
    --porcelain           machine-readable output
    --long                show status in long format (default)
    -z, --null            terminate entries with NUL
    --amend               amend previous commit
    --no-post-rewrite     bypass post-rewrite hook
    -u, --untracked-files[=<mode>]
                          show untracked files, optional modes: all, normal, no. (Default: all)

s434655@pc16e:~/Desktop/zadania$ git status
On branch master

Initial commit

Changes to be committed:
  (use "git rm --cached <file>..." to unstage)

	new file:   "\304\206wiczenia01.pdf"
	new file:   "\304\206wiczenia04.pdf"
	new file:   "\304\206wiczenia05.pdf"
	new file:   "\304\206wiczenia07.pdf"
	new file:   "\304\206wiczenia08.pdf"
	new file:   "\304\206wiczenia09.pdf"
	new file:   "\304\206wiczenia10.pdf"
	new file:   "\304\206wiczenia11.pdf"

s434655@pc16e:~/Desktop/zadania$ git commit -m "pliki z poleceniami a nie rozwiazaniami do zadan wdi"
[master (root-commit) ce41496] pliki z poleceniami a nie rozwiazaniami do zadan wdi
 Committer: Marek Bawolski <s434655@pc16e.labs.wmi.amu.edu.pl>
Your name and email address were configured automatically based
on your username and hostname. Please check that they are accurate.
You can suppress this message by setting them explicitly. Run the
following command and follow the instructions in your editor to edit
your configuration file:

    git config --global --edit

After doing this, you may fix the identity used for this commit with:

    git commit --amend --reset-author

 8 files changed, 0 insertions(+), 0 deletions(-)
 create mode 100644 "\304\206wiczenia01.pdf"
 create mode 100644 "\304\206wiczenia04.pdf"
 create mode 100644 "\304\206wiczenia05.pdf"
 create mode 100644 "\304\206wiczenia07.pdf"
 create mode 100644 "\304\206wiczenia08.pdf"
 create mode 100644 "\304\206wiczenia09.pdf"
 create mode 100644 "\304\206wiczenia10.pdf"
 create mode 100644 "\304\206wiczenia11.pdf"
s434655@pc16e:~/Desktop/zadania$ git status
On branch master
nothing to commit, working tree clean
s434655@pc16e:~/Desktop/zadania$ git status
On branch master
nothing to commit, working tree clean
s434655@pc16e:~/Desktop/zadania$ git remote add origin https://github.com/MarekBawolski/zadanie12wdi.git
s434655@pc16e:~/Desktop/zadania$ git push -u origin master
Username for 'https://github.com': MarekBawolski
Password for 'https://MarekBawolski@github.com': 
Counting objects: 10, done.
Delta compression using up to 4 threads.
Compressing objects: 100% (10/10), done.
Writing objects: 100% (10/10), 512.93 KiB | 0 bytes/s, done.
Total 10 (delta 0), reused 0 (delta 0)
To https://github.com/MarekBawolski/zadanie12wdi.git
 * [new branch]      master -> master
Branch master set up to track remote branch master from origin.
s434655@pc16e:~/Desktop/zadania$ 

